// Jest Snapshot v1, https://goo.gl/fbAQLP

exports[`SpecialityFilter renders correctly 1`] = `
<div>
  <div
    class="mantine-SimpleGrid-root mantine-akbhe9"
  >
    <div
      class="mantine-u85prc"
    >
      <div
        class="mantine-s7fa4k"
      >
        <div
          class="mantine-Text-root mantine-1w7xm3i"
        >
          Excavation
        </div>
      </div>
      <div
        class="mantine-Checkbox-root mantine-16ttirm"
      >
        <div
          class="mantine-qbjb2s mantine-Checkbox-inner"
        >
          <input
            class="mantine-sov5oy mantine-Checkbox-input"
            id="mantine-r0"
            tabindex="-1"
            title="Excavation"
            type="checkbox"
          />
          <svg
            class="__mantine-ref-icon mantine-180iq9w mantine-Checkbox-icon"
            fill="none"
            viewBox="0 0 10 7"
            xmlns="http://www.w3.org/2000/svg"
          >
            <path
              clip-rule="evenodd"
              d="M4 4.586L1.707 2.293A1 1 0 1 0 .293 3.707l3 3a.997.997 0 0 0 1.414 0l5-5A1 1 0 1 0 8.293.293L4 4.586z"
              fill="currentColor"
              fill-rule="evenodd"
            />
          </svg>
        </div>
      </div>
    </div>
    <div
      class="mantine-u85prc"
    >
      <div
        class="mantine-s7fa4k"
      >
        <div
          class="mantine-Text-root mantine-1w7xm3i"
        >
          Plumbing
        </div>
      </div>
      <div
        class="mantine-Checkbox-root mantine-16ttirm"
      >
        <div
          class="mantine-qbjb2s mantine-Checkbox-inner"
        >
          <input
            class="mantine-sov5oy mantine-Checkbox-input"
            id="mantine-r1"
            tabindex="-1"
            title="Plumbing"
            type="checkbox"
          />
          <svg
            class="__mantine-ref-icon mantine-180iq9w mantine-Checkbox-icon"
            fill="none"
            viewBox="0 0 10 7"
            xmlns="http://www.w3.org/2000/svg"
          >
            <path
              clip-rule="evenodd"
              d="M4 4.586L1.707 2.293A1 1 0 1 0 .293 3.707l3 3a.997.997 0 0 0 1.414 0l5-5A1 1 0 1 0 8.293.293L4 4.586z"
              fill="currentColor"
              fill-rule="evenodd"
            />
          </svg>
        </div>
      </div>
    </div>
    <div
      class="mantine-u85prc"
    >
      <div
        class="mantine-s7fa4k"
      >
        <div
          class="mantine-Text-root mantine-1w7xm3i"
        >
          Electrical
        </div>
      </div>
      <div
        class="mantine-Checkbox-root mantine-16ttirm"
      >
        <div
          class="mantine-qbjb2s mantine-Checkbox-inner"
        >
          <input
            class="mantine-sov5oy mantine-Checkbox-input"
            id="mantine-r2"
            tabindex="-1"
            title="Electrical"
            type="checkbox"
          />
          <svg
            class="__mantine-ref-icon mantine-180iq9w mantine-Checkbox-icon"
            fill="none"
            viewBox="0 0 10 7"
            xmlns="http://www.w3.org/2000/svg"
          >
            <path
              clip-rule="evenodd"
              d="M4 4.586L1.707 2.293A1 1 0 1 0 .293 3.707l3 3a.997.997 0 0 0 1.414 0l5-5A1 1 0 1 0 8.293.293L4 4.586z"
              fill="currentColor"
              fill-rule="evenodd"
            />
          </svg>
        </div>
      </div>
    </div>
  </div>
</div>
`;
